Script started on 2024-06-23 10:24:38-05:00 [TERM="xterm-256color" TTY="/dev/pts/1" COLUMNS="80" LINES="24"]
[?2004h[yzhu@royal-09] (1)$ make
[?2004ljava Main
Beggining of testing the color class:
What color do you want to change to? 
r b t yellow
The new color is:yellow
[?2004h[yzhu@royal-09] (2)$ git status
[?2004lOn branch main
Your branch is ahead of 'origin/main' by 3 commits.
  (use "git push" to publish your local commits)

Changes not staged for commit:
  (use "git add <file>..." to update what will be committed)
  (use "git restore <file>..." to discard changes in working directory)
	[31mmodified:   Color.class[m
	[31mmodified:   LabW3GitCommitLog.txt[m
	[31mmodified:   Main.class[m

no changes added to commit (use "git add" and/or "git commit -a")
[?2004h[yzhu@royal-09] (3)$ git add .*.java [K[K[K[K[K[K[K[K*.java Makefile
[?2004l[?2004h[yzhu@royal-09] (4)$ git status
[?2004lOn branch main
Your branch is ahead of 'origin/main' by 3 commits.
  (use "git push" to publish your local commits)

Changes not staged for commit:
  (use "git add <file>..." to update what will be committed)
  (use "git restore <file>..." to discard changes in working directory)
	[31mmodified:   Color.class[m
	[31mmodified:   LabW3GitCommitLog.txt[m
	[31mmodified:   Main.class[m

no changes added to commit (use "git add" and/or "git commit -a")
[?2004h[yzhu@royal-09] (5)$ git restore
[?2004lfatal: you must specify path(s) to restore
[?2004h[yzhu@royal-09] (6)$ git commit -m [7m "Completed the TODO part in the changeColor [27m[7mm[27m[7method in Color.java, and added the Makefile"[27m[A "Completed the TODO part in the changeColor method in Color.java, and added the Makefile"
[?2004lOn branch main
Your branch is ahead of 'origin/main' by 3 commits.
  (use "git push" to publish your local commits)

Changes not staged for commit:
  (use "git add <file>..." to update what will be committed)
  (use "git restore <file>..." to discard changes in working directory)
	[31mmodified:   Color.class[m
	[31mmodified:   LabW3GitCommitLog.txt[m
	[31mmodified:   Main.class[m

no changes added to commit (use "git add" and/or "git commit -a")
[?2004h[yzhu@royal-09] (7)$ git push origin main
[?2004lEnumerating objects: 20, done.
Counting objects:   5% (1/20)Counting objects:  10% (2/20)Counting objects:  15% (3/20)Counting objects:  20% (4/20)Counting objects:  25% (5/20)Counting objects:  30% (6/20)Counting objects:  35% (7/20)Counting objects:  40% (8/20)Counting objects:  45% (9/20)Counting objects:  50% (10/20)Counting objects:  55% (11/20)Counting objects:  60% (12/20)Counting objects:  65% (13/20)Counting objects:  70% (14/20)Counting objects:  75% (15/20)Counting objects:  80% (16/20)Counting objects:  85% (17/20)Counting objects:  90% (18/20)Counting objects:  95% (19/20)Counting objects: 100% (20/20)Counting objects: 100% (20/20), done.
Delta compression using up to 12 threads
Compressing objects:   7% (1/14)Compressing objects:  14% (2/14)Compressing objects:  21% (3/14)Compressing objects:  28% (4/14)Compressing objects:  35% (5/14)Compressing objects:  42% (6/14)Compressing objects:  50% (7/14)Compressing objects:  57% (8/14)Compressing objects:  64% (9/14)Compressing objects:  71% (10/14)Compressing objects:  78% (11/14)Compressing objects:  85% (12/14)Compressing objects:  92% (13/14)Compressing objects: 100% (14/14)Compressing objects: 100% (14/14), done.
Writing objects:   7% (1/14)Writing objects:  14% (2/14)Writing objects:  21% (3/14)Writing objects:  28% (4/14)Writing objects:  35% (5/14)Writing objects:  42% (6/14)Writing objects:  50% (7/14)Writing objects:  57% (8/14)Writing objects:  64% (9/14)Writing objects:  71% (10/14)Writing objects:  78% (11/14)Writing objects:  85% (12/14)Writing objects:  92% (13/14)Writing objects: 100% (14/14)Writing objects: 100% (14/14), 7.99 KiB | 7.99 MiB/s, done.
Total 14 (delta 9), reused 0 (delta 0), pack-reused 0
remote: Resolving deltas:   0% (0/9)[Kremote: Resolving deltas:  11% (1/9)[Kremote: Resolving deltas:  22% (2/9)[Kremote: Resolving deltas:  33% (3/9)[Kremote: Resolving deltas:  44% (4/9)[Kremote: Resolving deltas:  55% (5/9)[Kremote: Resolving deltas:  66% (6/9)[Kremote: Resolving deltas:  77% (7/9)[Kremote: Resolving deltas:  88% (8/9)[Kremote: Resolving deltas: 100% (9/9)[Kremote: Resolving deltas: 100% (9/9), completed with 4 local objects.[K
remote: [1;31merror[m: GH013: Repository rule violations found for refs/heads/main.[K
remote: 
remote: - GITHUB PUSH PROTECTION[K
remote:   —————————————————————————————————————————[K
remote:     Resolve the following violations before pushing again[K
remote: 
remote:     - Push cannot contain secrets[K
remote: 
remote:     [K
remote:      (?) Learn how to resolve a blocked push[K
remote:      https://docs.github.com/code-security/secret-scanning/pushing-a-branch-blocked-by-push-protection[K
remote:     [K
remote:     [K
remote:       —— GitHub Personal Access Token ——————————————————————[K
remote:        locations:[K
remote:          - commit: 98cac6b03aae6cd7e8c2f7cafbb273ec42cf4f94[K
remote:            path: LabW3GitCommitLog.txt:65[K
remote:          - commit: 83c10c5745c423b5263e8148a6ad3f3b244176bd[K
remote:            path: LabW3GitCommitLog.txt:65[K
remote:          - commit: 98cac6b03aae6cd7e8c2f7cafbb273ec42cf4f94[K
remote:            path: LabW3GitCommitLog.txt:65[K
remote:          - commit: 83c10c5745c423b5263e8148a6ad3f3b244176bd[K
remote:            path: LabW3GitCommitLog.txt:65[K
remote:          - commit: 83c10c5745c423b5263e8148a6ad3f3b244176bd[K
remote:            path: LabW3GitCommitLog.txt:190[K
remote:     [K
remote:        (?) To push, remove secret from commit(s) or follow this URL to allow the secret.[K
remote:        https://github.com/yzhu435/CS400FirstGitLab/security/secret-scanning/unblock-secret/2iHjoFO3ZPo8Zb9nT1fGrYJ5PQ1[K
remote:     [K
remote: 
remote: 
To https://github.com/yzhu435/CS400FirstGitLab
 [31m! [remote rejected][m main -> main (push declined due to repository rule violations)
[31merror: failed to push some refs to 'https://github.com/yzhu435/CS400FirstGitLab'
[m[?2004h[yzhu@royal-09] (8)$ gt[Kit push
[?2004lEnumerating objects: 20, done.
Counting objects:   5% (1/20)Counting objects:  10% (2/20)Counting objects:  15% (3/20)Counting objects:  20% (4/20)Counting objects:  25% (5/20)Counting objects:  30% (6/20)Counting objects:  35% (7/20)Counting objects:  40% (8/20)Counting objects:  45% (9/20)Counting objects:  50% (10/20)Counting objects:  55% (11/20)Counting objects:  60% (12/20)Counting objects:  65% (13/20)Counting objects:  70% (14/20)Counting objects:  75% (15/20)Counting objects:  80% (16/20)Counting objects:  85% (17/20)Counting objects:  90% (18/20)Counting objects:  95% (19/20)Counting objects: 100% (20/20)Counting objects: 100% (20/20), done.
Delta compression using up to 12 threads
Compressing objects:   7% (1/14)Compressing objects:  14% (2/14)Compressing objects:  21% (3/14)Compressing objects:  28% (4/14)Compressing objects:  35% (5/14)Compressing objects:  42% (6/14)Compressing objects:  50% (7/14)Compressing objects:  57% (8/14)Compressing objects:  64% (9/14)Compressing objects:  71% (10/14)Compressing objects:  78% (11/14)Compressing objects:  85% (12/14)Compressing objects:  92% (13/14)Compressing objects: 100% (14/14)Compressing objects: 100% (14/14), done.
Writing objects:   7% (1/14)Writing objects:  14% (2/14)Writing objects:  21% (3/14)Writing objects:  28% (4/14)Writing objects:  35% (5/14)Writing objects:  42% (6/14)Writing objects:  50% (7/14)Writing objects:  57% (8/14)Writing objects:  64% (9/14)Writing objects:  71% (10/14)Writing objects:  78% (11/14)Writing objects:  85% (12/14)Writing objects:  92% (13/14)Writing objects: 100% (14/14)Writi